// Jest Snapshot v1, https://goo.gl/fbAQLP

exports[`renders correctly 1`] = `
Array [
  <div
    className="sc-gsTCUz fmULOU"
  >
    <h3
      className="sc-iqHYGH jNIVzu"
    >
      Tasks
    </h3>
    <div
      className="sc-dlfnbm jiPmFS"
    >
      <input
        className="sc-hKgILt gpIyHs"
        onChange={[Function]}
        placeholder="Search by task name"
        type="search"
      />
      <button
        className="sc-kEjbxe khqoZl"
        disabled={false}
        onClick={[Function]}
        type="button"
      >
        + New Task
      </button>
    </div>
  </div>,
  <div
    className="sc-bdfBwQ iUEVFm"
  >
    <div>
      No Task Found with 
      
       
    </div>
  </div>,
]
`;
