// Jest Snapshot v1, https://goo.gl/fbAQLP

exports[`renders correctly 1`] = `
<div
  className="sc-bdfBwQ gAQogk"
>
  <div
    className="sc-gsTCUz YJpp"
    size={0}
  />
</div>
`;
